src/components/AssetManagement.tsx(113,19): error TS2322: Type '{ id: string; name: string; type: string; battery: number; status: string; flightHours: number; totalFlights: number; location: string; serial: string; } | { name: string; type: string; status: string; battery: number; location: string; serial: string; id: string; }' is not assignable to type '{ id: string; name: string; type: string; battery: number; status: string; flightHours: number; totalFlights: number; location: string; serial: string; }'.
  Type '{ name: string; type: string; status: string; battery: number; location: string; serial: string; id: string; }' is missing the following properties from type '{ id: string; name: string; type: string; battery: number; status: string; flightHours: number; totalFlights: number; location: string; serial: string; }': flightHours, totalFlights
src/components/AssetManagement.tsx(113,31): error TS2739: Type '{ name: string; type: string; status: string; battery: number; location: string; serial: string; id: string; }' is missing the following properties from type '{ id: string; name: string; type: string; battery: number; status: string; flightHours: number; totalFlights: number; location: string; serial: string; }': flightHours, totalFlights
src/components/AssetManagement.tsx(115,19): error TS2322: Type '{ id: string; name: string; type: string; battery: number; status: string; diveHours: number; totalDives: number; location: string; serial: string; maxDepth: number; } | { name: string; type: string; ... 4 more ...; id: string; }' is not assignable to type '{ id: string; name: string; type: string; battery: number; status: string; diveHours: number; totalDives: number; location: string; serial: string; maxDepth: number; }'.
  Type '{ name: string; type: string; status: string; battery: number; location: string; serial: string; id: string; }' is missing the following properties from type '{ id: string; name: string; type: string; battery: number; status: string; diveHours: number; totalDives: number; location: string; serial: string; maxDepth: number; }': diveHours, totalDives, maxDepth
src/components/AssetManagement.tsx(115,31): error TS2739: Type '{ name: string; type: string; status: string; battery: number; location: string; serial: string; id: string; }' is missing the following properties from type '{ id: string; name: string; type: string; battery: number; status: string; diveHours: number; totalDives: number; location: string; serial: string; maxDepth: number; }': diveHours, totalDives, maxDepth
src/components/AssetManagement.tsx(117,23): error TS2322: Type '{ id: string; name: string; type: string; fuel: number; status: string; mileage: number; location: string; plate: string; } | { name: string; type: string; status: string; battery: number; location: string; serial: string; id: string; }' is not assignable to type '{ id: string; name: string; type: string; fuel: number; status: string; mileage: number; location: string; plate: string; }'.
  Type '{ name: string; type: string; status: string; battery: number; location: string; serial: string; id: string; }' is missing the following properties from type '{ id: string; name: string; type: string; fuel: number; status: string; mileage: number; location: string; plate: string; }': fuel, mileage, plate
src/components/AssetManagement.tsx(117,39): error TS2739: Type '{ name: string; type: string; status: string; battery: number; location: string; serial: string; id: string; }' is missing the following properties from type '{ id: string; name: string; type: string; fuel: number; status: string; mileage: number; location: string; plate: string; }': fuel, mileage, plate
src/components/AssetManagement.tsx(119,25): error TS2322: Type '{ id: string; name: string; type: string; quantity: number; status: string; capacity: string; voltage: string; cycles: number; resolution?: undefined; sensor?: undefined; size?: undefined; material?: undefined; range?: undefined; sensitivity?: undefined; output?: undefined; ports?: undefined; } | ... 4 more ... | { ...' is not assignable to type '{ id: string; name: string; type: string; quantity: number; status: string; capacity: string; voltage: string; cycles: number; resolution?: undefined; sensor?: undefined; size?: undefined; material?: undefined; range?: undefined; sensitivity?: undefined; output?: undefined; ports?: undefined; } | { ...; } | { ...; }...'.
  Type '{ name: string; type: string; status: string; battery: number; location: string; serial: string; id: string; }' is not assignable to type '{ id: string; name: string; type: string; quantity: number; status: string; capacity: string; voltage: string; cycles: number; resolution?: undefined; sensor?: undefined; size?: undefined; material?: undefined; range?: undefined; sensitivity?: undefined; output?: undefined; ports?: undefined; } | { ...; } | { ...; }...'.
    Type '{ name: string; type: string; status: string; battery: number; location: string; serial: string; id: string; }' is missing the following properties from type '{ id: string; name: string; type: string; quantity: number; status: string; output: string; ports: string; capacity?: undefined; voltage?: undefined; cycles?: undefined; resolution?: undefined; sensor?: undefined; size?: undefined; material?: undefined; range?: undefined; sensitivity?: undefined; }': quantity, output, ports
src/components/AssetManagement.tsx(119,43): error TS2322: Type '{ name: string; type: string; status: string; battery: number; location: string; serial: string; id: string; }' is not assignable to type '{ id: string; name: string; type: string; quantity: number; status: string; capacity: string; voltage: string; cycles: number; resolution?: undefined; sensor?: undefined; size?: undefined; material?: undefined; range?: undefined; sensitivity?: undefined; output?: undefined; ports?: undefined; } | { ...; } | { ...; }...'.
  Type '{ name: string; type: string; status: string; battery: number; location: string; serial: string; id: string; }' is missing the following properties from type '{ id: string; name: string; type: string; quantity: number; status: string; output: string; ports: string; capacity?: undefined; voltage?: undefined; cycles?: undefined; resolution?: undefined; sensor?: undefined; size?: undefined; material?: undefined; range?: undefined; sensitivity?: undefined; }': quantity, output, ports
src/components/DigitalTwinMap.tsx(2,24): error TS2307: Cannot find module 'maplibre-gl' or its corresponding type declarations.
src/components/LeafletAOIMap.tsx(95,44): error TS2554: Expected 0 arguments, but got 1.
src/components/LeafletMiniMap.tsx(74,44): error TS2554: Expected 0 arguments, but got 1.
src/components/MissionHistory.tsx(42,36): error TS2724: '"./shared-data"' has no exported member named 'Mission'. Did you mean 'missions'?
src/components/MissionHistory.tsx(42,45): error TS2305: Module '"./shared-data"' has no exported member 'Flight'.
src/services/ais-api.ts(130,5): error TS2322: Type '({ id: string; mmsi: string; imo: string; name: string; callsign: string; position: [number, number]; type: string; speed: number; course: number; heading: number; length: number; width: number; draft: number; destination: string; eta: string; status: string; } | { ...; })[]' is not assignable to type 'FormattedAISData[]'.
  Type '{ id: string; mmsi: string; imo: string; name: string; callsign: string; position: [number, number]; type: string; speed: number; course: number; heading: number; length: number; width: number; draft: number; destination: string; eta: string; status: string; } | { ...; }' is not assignable to type 'FormattedAISData'.
    Property 'lastUpdate' is missing in type '{ id: string; mmsi: string; imo: string; name: string; callsign: string; position: [number, number]; type: string; speed: number; course: number; heading: number; length: number; width: number; draft: number; destination: string; eta: string; status: string; }' but required in type 'FormattedAISData'.
src/services/ais-api.ts(133,5): error TS2322: Type '({ id: string; mmsi: string; imo: string; name: string; callsign: string; position: [number, number]; type: string; speed: number; course: number; heading: number; length: number; width: number; draft: number; destination: string; eta: string; status: string; } | { ...; })[]' is not assignable to type 'FormattedAISData[]'.
  Type '{ id: string; mmsi: string; imo: string; name: string; callsign: string; position: [number, number]; type: string; speed: number; course: number; heading: number; length: number; width: number; draft: number; destination: string; eta: string; status: string; } | { ...; }' is not assignable to type 'FormattedAISData'.
    Property 'lastUpdate' is missing in type '{ id: string; mmsi: string; imo: string; name: string; callsign: string; position: [number, number]; type: string; speed: number; course: number; heading: number; length: number; width: number; draft: number; destination: string; eta: string; status: string; }' but required in type 'FormattedAISData'.
